
ERROR: game.cc: Given hand is same card as communal card
Card0: 3 of Hearts
Card1: 3 of Hearts
Hand Ranking: Invalid
